// Jest Snapshot v1, https://goo.gl/fbAQLP

exports[`BackButton component get BackButton snapShot 1`] = `
"<MemoryRouter>
  <Router history={{...}}>
    <BackButton>
      <Container fluid={true} className=\\"p-0\\">
        <div className=\\"p-0 container-fluid\\">
          <Button variant=\\"dark\\" className=\\"mb-3\\" onClick={[Function: onClick]} active={false} disabled={false}>
            <button onClick={[Function: onClick]} disabled={false} type=\\"button\\" className=\\"mb-3 btn btn-dark\\">
              Back
            </button>
          </Button>
        </div>
      </Container>
    </BackButton>
  </Router>
</MemoryRouter>"
`;
