// Jest Snapshot v1, https://goo.gl/fbAQLP

exports[`EstateInfo component EstateInfo with info get snapShot estates info without estates 1`] = `
<body>
  <div>
    <div
      class="p-0 container-fluid"
    >
      <button
        class="mb-3 btn btn-dark"
        type="button"
      >
        Back
      </button>
    </div>
    <div
      class="row"
    >
      <div
        class="col-sm-5"
      >
        <img
          alt="main img"
          class="sc-gsTCUz hUELus"
          id="1"
          src="https://cp12.nevsepic.com.ua/62/1353962605-0435309-www.nevsepic.com.ua.jpg"
        />
      </div>
      <div
        class="col-sm-5 offset-sm-1"
      >
        <div
          class="sc-dlfnbm kGxffL"
          id="1"
        >
          Name: Shevchenko estate
        </div>
        <div
          class="sc-dlfnbm kGxffL"
          id="1"
        >
          Price: 30000$
        </div>
        <div
          class="sc-dlfnbm kGxffL"
          id="1"
        >
          Address: Melnychna,
                                   12
        </div>
        <div
          class="sc-dlfnbm kGxffL"
          id="1"
        >
          Seller: Chack Norris
        </div>
        <div
          class="sc-dlfnbm kGxffL"
          id="1"
        >
          Description: The best from Chuck
        </div>
      </div>
    </div>
    <div
      class="row"
    >
      <div
        class="col-sm-6 offset-sm-3"
      >
        <div
          class="carousel slide"
        >
          <ol
            class="carousel-indicators"
          >
            <li
              class="active"
            />
            <li />
            <li />
          </ol>
          <div
            class="carousel-inner"
          >
            <div
              class="active carousel-item"
            >
              <img
                alt="slide"
                class="sc-gsTCUz esHetz"
                src="https://www.wtoc.com/resizer/ckPwhlUdYaFcLiBWMX0J033a0Ow=/1200x0/arc-anglerfish-arc2-prod-raycom.s3.amazonaws.com/public/JGJB35IW4JAMROXX3D3MMEF2SU.jpg"
              />
            </div>
            <div
              class="carousel-item"
            >
              <img
                alt="slide"
                class="sc-gsTCUz esHetz"
                src="https://img3.goodfon.ru/wallpaper/nbig/c/f7/chuck-norris-chak-norris-legenda-aktior-vzgliad.jpg"
              />
            </div>
            <div
              class="carousel-item"
            >
              <img
                alt="slide"
                class="sc-gsTCUz esHetz"
                src="https://cdn.flickeringmyth.com/wp-content/uploads/2020/03/chuck-norris.jpg"
              />
            </div>
          </div>
          <a
            class="carousel-control-prev"
            href="#"
            role="button"
          >
            <span
              aria-hidden="true"
              class="carousel-control-prev-icon"
            />
            <span
              class="sr-only"
            >
              Previous
            </span>
          </a>
          <a
            class="carousel-control-next"
            href="#"
            role="button"
          >
            <span
              aria-hidden="true"
              class="carousel-control-next-icon"
            />
            <span
              class="sr-only"
            >
              Next
            </span>
          </a>
        </div>
      </div>
    </div>
  </div>
</body>
`;

exports[`EstateInfo component EstateInfo without info get snapShot estates info without estates 1`] = `
<body>
  <div>
    <div
      class="d-flex align-items-center justify-content-center container"
    >
      <div
        class="sc-hKgILt gmArwI"
      >
        Sorry, don't have any information about this estate.
      </div>
    </div>
  </div>
</body>
`;
