// Jest Snapshot v1, https://goo.gl/fbAQLP

exports[`NoInfio component get NoInfo snapShot 1`] = `
"<Container className=\\"d-flex align-items-center justify-content-center\\" fluid={false}>
  <styled.div>
    Sorry, don&#39;t have any information about this estate.
  </styled.div>
</Container>"
`;
